../Core/Src/main.c:90:5:main	8	static
../Core/Src/main.c:153:6:SystemClock_Config	88	static
../Core/Src/main.c:199:13:MX_ADC1_Init	24	static
../Core/Src/main.c:278:13:MX_I2C1_Init	8	static
../Core/Src/main.c:312:13:MX_I2C2_Init	8	static
../Core/Src/main.c:346:13:MX_I2C3_Init	8	static
../Core/Src/main.c:380:13:MX_USART1_UART_Init	8	static
../Core/Src/main.c:411:13:MX_DMA_Init	16	static
../Core/Src/main.c:429:13:MX_GPIO_Init	24	static
../Core/Src/main.c:444:6:as5600_read_angle	40	static
../Core/Src/main.c:477:6:Error_Handler	4	static,ignoring_inline_asm
